Microchip MPLAB XC8 Compiler V1.38 ()

Linker command line:

-W-3 --edf=C:\Program Files (x86)\Microchip\xc8\v1.38\dat\en_msgs.txt -cs \
  -h+dist/default/production\Projet_S5.X.production.sym \
  --cmf=dist/default/production\Projet_S5.X.production.cmf -z -Q18F67J94 \
  -oC:\Users\labm2830\AppData\Local\Temp\s9f0.2 \
  -Mdist/default/production/Projet_S5.X.production.map -E1 -ver=XC8 \
  -ASTACK=060h-0df9h -pstack=STACK -ACODE=00h-01FFEFh -ACONST=00h-01FFEFh \
  -ASMALLCONST=0E00h-0EFFhx497,01FF00h-01FFEFh \
  -AMEDIUMCONST=0E00h-0FFFFh,010E00h-01FFEFh -ACOMRAM=01h-05Fh \
  -AABS1=00h-0DF9h -ABIGRAM=01h-0DF9h \
  -ARAM=060h-0FFh,0100h-01FFhx12,0D00h-0DF9h -ABANK0=060h-0FFh \
  -ABANK1=0100h-01FFh -ABANK2=0200h-02FFh -ABANK3=0300h-03FFh \
  -ABANK4=0400h-04FFh -ABANK5=0500h-05FFh -ABANK6=0600h-06FFh \
  -ABANK7=0700h-07FFh -ABANK8=0800h-08FFh -ABANK9=0900h-09FFh \
  -ABANK10=0A00h-0AFFh -ABANK11=0B00h-0BFFh -ABANK12=0C00h-0CFFh \
  -ABANK13=0D00h-0DF9h \
  -ASFR=0DFAh-0DFFh,0E00h-0EFFh,0F00h-0F5Fh,0F60h-0FFFh \
  -preset_vec=00h,intcode=08h,intcodelo,powerup,init,end_init \
  -pramtop=0E00h -psmallconst=SMALLCONST -pmediumconst=MEDIUMCONST \
  -pconst=CONST -AFARRAM=00h-00h -ACONFIG=01FFF0h-01FFFFh -pconfig=CONFIG \
  -pjflash_buffer=01FBF8h \
  -prdata=COMRAM,nvrram=COMRAM,nvbit=COMRAM,rbss=COMRAM,rbit=COMRAM \
  -pfarbss=FARRAM,fardata=FARRAM,nvFARRAM=FARRAM \
  -pintsave_regs=BIGRAM,bigbss=BIGRAM,bigdata=BIGRAM -pbss=RAM \
  -pidata=CODE,irdata=CODE,ibigdata=CODE,ifardata=CODE -prparam=COMRAM \
  C:\Users\labm2830\AppData\Local\Temp\s9f0.obj \
  dist/default/production\Projet_S5.X.production.obj 

Object code version is 3.11

Machine type is 18F67J94

Call graph: (short form)




                Name                               Link     Load   Length Selector   Space Scale
C:\Users\labm2830\AppData\Local\Temp\s9f0.obj
                end_init                             94       94        4        4       0
                reset_vec                             0        0        4        0       0
                config                            1FFF0    1FFF0       10    1FFF0       0
dist/default/production\Projet_S5.X.production.obj
                intcode                               8        8       8C        4       0
                temp                                 25       25        1        1       1
                smallconst                          E00      E00       2E      700       0
                text14                              FC6      FC6       5C      717       0
                text12                             11DE     11DE       12      717       0
                text11                             11C4     11C4       1A      717       0
                text10                             1166     1166       22      717       0
                text9                              1074     1074       44      717       0
                text8                              10B8     10B8       40      717       0
                text7                              10F8     10F8       3E      717       0
                text6                              11A8     11A8       1C      717       0
                text5                              1188     1188       20      717       0
                text4                              1022     1022       52      717       0
                text3                              1136     1136       30      717       0
                text2                               EE0      EE0       76      717       0
                text1                               E2E      E2E       B2      717       0
                text0                               F56      F56       70      717       0
                cstackCOMRAM                          1        1       21        1       1
                bssCOMRAM                            22       22        3        1       1
                cinit                              11F0     11F0       10      717       0

TOTAL           Name                               Link     Load   Length     Space
        CLASS   STACK          

        CLASS   CODE           
                end_init                             94       94        4         0
                intcode                               8        8       8C         0
                reset_vec                             0        0        4         0
                text14                              FC6      FC6       5C         0
                text12                             11DE     11DE       12         0
                text11                             11C4     11C4       1A         0
                text10                             1166     1166       22         0
                text9                              1074     1074       44         0
                text8                              10B8     10B8       40         0
                text7                              10F8     10F8       3E         0
                text6                              11A8     11A8       1C         0
                text5                              1188     1188       20         0
                text4                              1022     1022       52         0
                text3                              1136     1136       30         0
                text2                               EE0      EE0       76         0
                text1                               E2E      E2E       B2         0
                text0                               F56      F56       70         0
                cinit                              11F0     11F0       10         0

        CLASS   CONST          

        CLASS   SMALLCONST     
                smallconst                          E00      E00       2E         0

        CLASS   MEDIUMCONST    

        CLASS   COMRAM         
                temp                                 25       25        1         1
                cstackCOMRAM                          1        1       21         1
                bssCOMRAM                            22       22        3         1

        CLASS   ABS1           

        CLASS   BIGRAM         

        CLASS   RAM            

        CLASS   BANK0          

        CLASS   BANK1          

        CLASS   BANK2          

        CLASS   BANK3          

        CLASS   BANK4          

        CLASS   BANK5          

        CLASS   BANK6          

        CLASS   BANK7          

        CLASS   BANK8          

        CLASS   BANK9          

        CLASS   BANK10         

        CLASS   BANK11         

        CLASS   BANK12         

        CLASS   BANK13         

        CLASS   SFR            

        CLASS   FARRAM         

        CLASS   CONFIG         
                config                            1FFF0    1FFF0       10         0

        CLASS   IDLOC          



SEGMENTS        Name                           Load    Length   Top    Selector   Space  Class

                reset_vec                      000000  000004  000004         0       0  CODE    
                cstackCOMRAM                   000001  000025  000026         1       1  COMRAM  
                intcode                        000008  000090  000098         4       0  CODE    
                smallconst                     000E00  00002E  000E2E       700       0  SMALLCON
                text1                          000E2E  0003D2  001200       717       0  CODE    
                config                         01FFF0  000010  020000     1FFF0       0  CONFIG  


UNUSED ADDRESS RANGES

        Name                Unused          Largest block    Delta
        BANK0            00060-000FF              A0
        BANK1            00100-001FF             100
        BANK10           00A00-00AFF             100
        BANK11           00B00-00BFF             100
        BANK12           00C00-00CFF             100
        BANK13           00D00-00DF9              FA
        BANK2            00200-002FF             100
        BANK3            00300-003FF             100
        BANK4            00400-004FF             100
        BANK5            00500-005FF             100
        BANK6            00600-006FF             100
        BANK7            00700-007FF             100
        BANK8            00800-008FF             100
        BANK9            00900-009FF             100
        BIGRAM           00026-00DF9             DD4
        CODE             00004-00007               4
                         00098-00DFF             D68
                         01200-1FFEF           1EDF0
        COMRAM           00026-0005F              3A
        CONST            00004-00007               4
                         00098-00DFF             D68
                         01200-1FFEF           1EDF0
        MEDIUMCONST      01200-0FFFF            EE00
                         10E00-1FFEF            F1F0
        RAM              00060-00DF9             100
        SFR              00DFA-00FFF             100
        SMALLCONST       01200-1FFEF             100
        STACK            00060-00DF9             D9A

                                  Symbol Table

_INTCONbits                       (abs)         00FF2
_LATDbits                         (abs)         00F8C
_LATE                             (abs)         00F8D
_OSCCON                           (abs)         00FD3
_PORTE                            (abs)         00F84
_RPINR12_13                       (abs)         00E30
_RPOR22_23                        (abs)         00E1D
_RPOR24_25                        (abs)         00E1E
_SSP2BUF                          (abs)         00F03
_SSP2CON1                         (abs)         00F19
_SSP2CON3                         (abs)         00F39
_SSP2STAT                         (abs)         00F1A
_SSP2STATbits                     (abs)         00F1A
_T0CONbits                        (abs)         00FD5
_TRISCbits                        (abs)         00F94
_TRISDbits                        (abs)         00F95
_TRISE                            (abs)         00F96
__HRAM                            (abs)         00000
__Habs1                           abs1          00000
__Hbank0                          bank0         00000
__Hbank1                          bank1         00000
__Hbank10                         bank10        00000
__Hbank11                         bank11        00000
__Hbank12                         bank12        00000
__Hbank13                         bank13        00000
__Hbank2                          bank2         00000
__Hbank3                          bank3         00000
__Hbank4                          bank4         00000
__Hbank5                          bank5         00000
__Hbank6                          bank6         00000
__Hbank7                          bank7         00000
__Hbank8                          bank8         00000
__Hbank9                          bank9         00000
__Hbigbss                         bigbss        00000
__Hbigdata                        bigdata       00000
__Hbigram                         bigram        00000
__Hbss                            bss           00000
__HbssCOMRAM                      bssCOMRAM     00000
__Hcinit                          cinit         00000
__Hclrtext                        clrtext       00000
__Hcomram                         comram        00000
__Hconfig                         config        20000
__Hconst                          const         00000
__HcstackCOMRAM                   cstackCOMRAM  00000
__Hdata                           data          00000
__Hend_init                       end_init      00098
__Hfarbss                         farbss        00000
__Hfardata                        fardata       00000
__Hibigdata                       ibigdata      00000
__Hidata                          idata         00000
__Hidloc                          idloc         00000
__Hifardata                       ifardata      00000
__Hinit                           init          00094
__Hintcode                        intcode       00094
__Hintcode_body                   intcode_body  00000
__Hintcodelo                      intcodelo     00094
__Hintentry                       intentry      00000
__Hintret                         intret        00000
__Hintsave_regs                   intsave_regs  00000
__Hirdata                         irdata        00000
__Hjflash_buffer                  jflash_buffer 1FBF8
__Hmediumconst                    mediumconst   00000
__HnvFARRAM                       nvFARRAM      00000
__Hnvbit                          nvbit         00000
__Hnvrram                         nvrram        00000
__Hparam                          rparam        00000
__Hpowerup                        powerup       00094
__Hram                            ram           00000
__Hramtop                         ramtop        00E00
__Hrbit                           rbit          00000
__Hrbss                           rbss          00000
__Hrdata                          rdata         00000
__Hreset_vec                      reset_vec     00004
__Hrparam                         rparam        00000
__Hsfr                            sfr           00000
__Hsmallconst                     smallconst    00E2E
__Hspace_0                        (abs)         20000
__Hspace_1                        (abs)         00026
__Hspace_2                        (abs)         00000
__Hstack                          stack         00000
__Hstruct                         struct        00000
__Htemp                           temp          00026
__Htext                           text          00000
__Htext0                          text0         00000
__Htext1                          text1         00000
__Htext10                         text10        00000
__Htext11                         text11        00000
__Htext12                         text12        00000
__Htext14                         text14        00000
__Htext2                          text2         00000
__Htext3                          text3         00000
__Htext4                          text4         00000
__Htext5                          text5         00000
__Htext6                          text6         00000
__Htext7                          text7         00000
__Htext8                          text8         00000
__Htext9                          text9         00000
__LRAM                            (abs)         00001
__Labs1                           abs1          00000
__Lbank0                          bank0         00000
__Lbank1                          bank1         00000
__Lbank10                         bank10        00000
__Lbank11                         bank11        00000
__Lbank12                         bank12        00000
__Lbank13                         bank13        00000
__Lbank2                          bank2         00000
__Lbank3                          bank3         00000
__Lbank4                          bank4         00000
__Lbank5                          bank5         00000
__Lbank6                          bank6         00000
__Lbank7                          bank7         00000
__Lbank8                          bank8         00000
__Lbank9                          bank9         00000
__Lbigbss                         bigbss        00000
__Lbigdata                        bigdata       00000
__Lbigram                         bigram        00000
__Lbss                            bss           00000
__LbssCOMRAM                      bssCOMRAM     00000
__Lcinit                          cinit         00000
__Lclrtext                        clrtext       00000
__Lcomram                         comram        00000
__Lconfig                         config        1FFF0
__Lconst                          const         00000
__LcstackCOMRAM                   cstackCOMRAM  00000
__Ldata                           data          00000
__Lend_init                       end_init      00094
__Lfarbss                         farbss        00000
__Lfardata                        fardata       00000
__Libigdata                       ibigdata      00000
__Lidata                          idata         00000
__Lidloc                          idloc         00000
__Lifardata                       ifardata      00000
__Linit                           init          00094
__Lintcode                        intcode       00008
__Lintcode_body                   intcode_body  00000
__Lintcodelo                      intcodelo     00094
__Lintentry                       intentry      00000
__Lintret                         intret        00000
__Lintsave_regs                   intsave_regs  00000
__Lirdata                         irdata        00000
__Ljflash_buffer                  jflash_buffer 1FBF8
__Lmediumconst                    mediumconst   00000
__LnvFARRAM                       nvFARRAM      00000
__Lnvbit                          nvbit         00000
__Lnvrram                         nvrram        00000
__Lparam                          rparam        00000
__Lpowerup                        powerup       00094
__Lram                            ram           00000
__Lramtop                         ramtop        00E00
__Lrbit                           rbit          00000
__Lrbss                           rbss          00000
__Lrdata                          rdata         00000
__Lreset_vec                      reset_vec     00000
__Lrparam                         rparam        00000
__Lsfr                            sfr           00000
__Lsmallconst                     smallconst    00E00
__Lspace_0                        (abs)         00000
__Lspace_1                        (abs)         00000
__Lspace_2                        (abs)         00000
__Lstack                          stack         00000
__Lstruct                         struct        00000
__Ltemp                           temp          00025
__Ltext                           text          00000
__Ltext0                          text0         00000
__Ltext1                          text1         00000
__Ltext10                         text10        00000
__Ltext11                         text11        00000
__Ltext12                         text12        00000
__Ltext14                         text14        00000
__Ltext2                          text2         00000
__Ltext3                          text3         00000
__Ltext4                          text4         00000
__Ltext5                          text5         00000
__Ltext6                          text6         00000
__Ltext7                          text7         00000
__Ltext8                          text8         00000
__Ltext9                          text9         00000
__S0                              (abs)         20000
__S1                              (abs)         00026
__S2                              (abs)         00000
___inthi_sp                       stack         00000
___intlo_sp                       stack         00000
___param_bank                     (abs)         00010
___rparam_used                    (abs)         00001
___sp                             stack         00000
__accesstop                       (abs)         00060
__activetblptr                    (abs)         00003
__end_of__initialization          cinit         011F6
__end_of_clearDisplay             text10        01188
__end_of_displayCtrl              text9         010B8
__end_of_fliplr                   text4         01074
__end_of_initialisation_LCD       text6         011C4
__end_of_initialisation_PORT      text8         010F8
__end_of_initialisation_SPI       text7         01136
__end_of_initialisation_keyboard  text5         011A8
__end_of_main                     text0         00FC6
__end_of_mux                      text14        01022
__end_of_mux_keyboard             intcode       00094
__end_of_putStringLCD             text2         00F56
__end_of_putchLCD                 text3         01166
__end_of_readBusyFlag             text11        011DE
__end_of_readKeyboard             text1         00EE0
__end_of_spi_Send_Read            text12        011F0
__initialization                  cinit         011F0
__mediumconst                     mediumconst   00000
__pbssCOMRAM                      bssCOMRAM     00022
__pcinit                          cinit         011F0
__pcstackCOMRAM                   cstackCOMRAM  00001
__pintcode                        intcode       00008
__psmallconst                     smallconst    00E00
__ptext0                          text0         00F56
__ptext1                          text1         00E2E
__ptext10                         text10        01166
__ptext11                         text11        011C4
__ptext12                         text12        011DE
__ptext14                         text14        00FC6
__ptext2                          text2         00EE0
__ptext3                          text3         01136
__ptext4                          text4         01022
__ptext5                          text5         01188
__ptext6                          text6         011A8
__ptext7                          text7         010F8
__ptext8                          text8         010B8
__ptext9                          text9         01074
__ramtop                          ramtop        00E00
__size_of_clearDisplay            (abs)         00000
__size_of_displayCtrl             (abs)         00000
__size_of_fliplr                  (abs)         00000
__size_of_initialisation_LCD      (abs)         00000
__size_of_initialisation_PORT     (abs)         00000
__size_of_initialisation_SPI      (abs)         00000
__size_of_initialisation_keyboard (abs)         00000
__size_of_main                    (abs)         00000
__size_of_mux                     (abs)         00000
__size_of_mux_keyboard            (abs)         00000
__size_of_putStringLCD            (abs)         00000
__size_of_putchLCD                (abs)         00000
__size_of_readBusyFlag            (abs)         00000
__size_of_readKeyboard            (abs)         00000
__size_of_spi_Send_Read           (abs)         00000
__smallconst                      smallconst    00E00
_clearDisplay                     text10        01166
_cntTimer                         bssCOMRAM     00022
_column                           bssCOMRAM     00024
_displayCtrl                      text9         01074
_fliplr                           text4         01022
_initialisation_LCD               text6         011A8
_initialisation_PORT              text8         010B8
_initialisation_SPI               text7         010F8
_initialisation_keyboard          text5         01188
_main                             text0         00F56
_mux                              text14        00FC6
_mux_keyboard                     intcode       00008
_putStringLCD                     text2         00EE0
_putchLCD                         text3         01136
_readBusyFlag                     text11        011C4
_readKeyboard                     text1         00E2E
_spi_Send_Read                    text12        011DE
btemp                             temp          00025
displayCtrl@BCD                   cstackCOMRAM  0001A
displayCtrl@blink                 cstackCOMRAM  00018
displayCtrl@cursor                cstackCOMRAM  00017
displayCtrl@display               cstackCOMRAM  00019
end_of_initialization             cinit         011F6
fliplr@input                      cstackCOMRAM  00017
int$flags                         temp          00025
intlevel0                         text          00000
intlevel1                         text          00000
intlevel2                         text          00000
intlevel3                         text          00000
main@KBdata                       cstackCOMRAM  0001F
main@lastValue                    cstackCOMRAM  00020
main@value                        cstackCOMRAM  00021
mux@E                             cstackCOMRAM  00001
mux@col                           cstackCOMRAM  00006
mux@temp_high                     cstackCOMRAM  00005
mux@temp_low                      cstackCOMRAM  00004
putStringLCD@i                    cstackCOMRAM  0001D
putStringLCD@input                cstackCOMRAM  00019
putchLCD@input                    cstackCOMRAM  00018
readBusyFlag@retValue             cstackCOMRAM  00016
readKeyboard@E                    cstackCOMRAM  00015
readKeyboard@value                cstackCOMRAM  00016
spi_Send_Read@byte                cstackCOMRAM  00015
stackhi                           (abs)         00DF9
stacklo                           (abs)         00060
start                             init          00094
start_initialization              cinit         011F0


FUNCTION INFORMATION:

 *************** function _main *****************
 Defined at:
		line 21 in file "main.c"
 Parameters:    Size  Location     Type
		None
 Auto vars:     Size  Location     Type
  value           1   32[COMRAM] unsigned char 
  lastValue       1   31[COMRAM] unsigned char 
  KBdata          1   30[COMRAM] unsigned char 
 Return value:  Size  Location     Type
                  1    wreg      void 
 Registers used:
		wreg, fsr0l, fsr0h, status,2, status,0, tblptrl, tblptrh, tblptru, cstack
 Tracked objects:
		On entry : 
		On exit  : 
		Unchanged: 
 Data sizes:     COMRAM   BANK0   BANK1   BANK2   BANK3   BANK4   BANK5   BANK6   BANK7   BANK8   BANK9  BANK10  BANK11  BANK12  BANK13
      Params:         0       0       0       0       0       0       0       0       0       0       0       0       0       0       0
      Locals:         3       0       0       0       0       0       0       0       0       0       0       0       0       0       0
      Temps:          0       0       0       0       0       0       0       0       0       0       0       0       0       0       0
      Totals:         3       0       0       0       0       0       0       0       0       0       0       0       0       0       0
Total ram usage:        3 bytes
 Hardware stack levels required when called:    6
 This function calls:
		_clearDisplay
		_displayCtrl
		_initialisation_LCD
		_initialisation_keyboard
		_putStringLCD
		_putchLCD
		_readKeyboard
 This function is called by:
		Startup code after reset
 This function uses a non-reentrant model


 *************** function _readKeyboard *****************
 Defined at:
		line 28 in file "keyboard.c"
 Parameters:    Size  Location     Type
  E               1    wreg     unsigned char 
 Auto vars:     Size  Location     Type
  E               1   20[COMRAM] unsigned char 
  value           1   21[COMRAM] unsigned char 
 Return value:  Size  Location     Type
                  1    wreg      unsigned char 
 Registers used:
		wreg, status,2, status,0
 Tracked objects:
		On entry : 
		On exit  : 
		Unchanged: 
 Data sizes:     COMRAM   BANK0   BANK1   BANK2   BANK3   BANK4   BANK5   BANK6   BANK7   BANK8   BANK9  BANK10  BANK11  BANK12  BANK13
      Params:         0       0       0       0       0       0       0       0       0       0       0       0       0       0       0
      Locals:         2       0       0       0       0       0       0       0       0       0       0       0       0       0       0
      Temps:          0       0       0       0       0       0       0       0       0       0       0       0       0       0       0
      Totals:         2       0       0       0       0       0       0       0       0       0       0       0       0       0       0
Total ram usage:        2 bytes
 Hardware stack levels used:    1
 Hardware stack levels required when called:    2
 This function calls:
		Nothing
 This function is called by:
		_main
 This function uses a non-reentrant model


 *************** function _putStringLCD *****************
 Defined at:
		line 48 in file "LCD.c"
 Parameters:    Size  Location     Type
  input           2   24[COMRAM] PTR const unsigned char 
		 -> putNumberLCD@stringAffichage(2), STR_3(2), STR_2(21), STR_1(21), 
 Auto vars:     Size  Location     Type
  i               2   28[COMRAM] int 
 Return value:  Size  Location     Type
                  1    wreg      void 
 Registers used:
		wreg, fsr0l, fsr0h, status,2, status,0, tblptrl, tblptrh, tblptru, cstack
 Tracked objects:
		On entry : 
		On exit  : 
		Unchanged: 
 Data sizes:     COMRAM   BANK0   BANK1   BANK2   BANK3   BANK4   BANK5   BANK6   BANK7   BANK8   BANK9  BANK10  BANK11  BANK12  BANK13
      Params:         2       0       0       0       0       0       0       0       0       0       0       0       0       0       0
      Locals:         2       0       0       0       0       0       0       0       0       0       0       0       0       0       0
      Temps:          2       0       0       0       0       0       0       0       0       0       0       0       0       0       0
      Totals:         6       0       0       0       0       0       0       0       0       0       0       0       0       0       0
Total ram usage:        6 bytes
 Hardware stack levels used:    1
 Hardware stack levels required when called:    5
 This function calls:
		_putchLCD
 This function is called by:
		_main
		_clearRow
		_putNumberLCD
 This function uses a non-reentrant model


 *************** function _putchLCD *****************
 Defined at:
		line 57 in file "LCD.c"
 Parameters:    Size  Location     Type
  input           1    wreg     unsigned char 
 Auto vars:     Size  Location     Type
  input           1   23[COMRAM] unsigned char 
 Return value:  Size  Location     Type
                  1    wreg      void 
 Registers used:
		wreg, status,2, status,0, cstack
 Tracked objects:
		On entry : 
		On exit  : 
		Unchanged: 
 Data sizes:     COMRAM   BANK0   BANK1   BANK2   BANK3   BANK4   BANK5   BANK6   BANK7   BANK8   BANK9  BANK10  BANK11  BANK12  BANK13
      Params:         0       0       0       0       0       0       0       0       0       0       0       0       0       0       0
      Locals:         1       0       0       0       0       0       0       0       0       0       0       0       0       0       0
      Temps:          0       0       0       0       0       0       0       0       0       0       0       0       0       0       0
      Totals:         1       0       0       0       0       0       0       0       0       0       0       0       0       0       0
Total ram usage:        1 bytes
 Hardware stack levels used:    1
 Hardware stack levels required when called:    4
 This function calls:
		_fliplr
		_readBusyFlag
		_spi_Send_Read
 This function is called by:
		_main
		_putStringLCD
 This function uses a non-reentrant model


 *************** function _fliplr *****************
 Defined at:
		line 69 in file "LCD.c"
 Parameters:    Size  Location     Type
  input           1    wreg     unsigned char 
 Auto vars:     Size  Location     Type
  input           1   22[COMRAM] unsigned char 
 Return value:  Size  Location     Type
                  1    wreg      unsigned char 
 Registers used:
		wreg, status,2, status,0
 Tracked objects:
		On entry : 
		On exit  : 
		Unchanged: 
 Data sizes:     COMRAM   BANK0   BANK1   BANK2   BANK3   BANK4   BANK5   BANK6   BANK7   BANK8   BANK9  BANK10  BANK11  BANK12  BANK13
      Params:         0       0       0       0       0       0       0       0       0       0       0       0       0       0       0
      Locals:         1       0       0       0       0       0       0       0       0       0       0       0       0       0       0
      Temps:          2       0       0       0       0       0       0       0       0       0       0       0       0       0       0
      Totals:         3       0       0       0       0       0       0       0       0       0       0       0       0       0       0
Total ram usage:        3 bytes
 Hardware stack levels used:    1
 Hardware stack levels required when called:    2
 This function calls:
		Nothing
 This function is called by:
		_putchLCD
		_moveCursor
 This function uses a non-reentrant model


 *************** function _initialisation_keyboard *****************
 Defined at:
		line 12 in file "keyboard.c"
 Parameters:    Size  Location     Type
		None
 Auto vars:     Size  Location     Type
		None
 Return value:  Size  Location     Type
                  1    wreg      void 
 Registers used:
		wreg, status,2
 Tracked objects:
		On entry : 
		On exit  : 
		Unchanged: 
 Data sizes:     COMRAM   BANK0   BANK1   BANK2   BANK3   BANK4   BANK5   BANK6   BANK7   BANK8   BANK9  BANK10  BANK11  BANK12  BANK13
      Params:         0       0       0       0       0       0       0       0       0       0       0       0       0       0       0
      Locals:         0       0       0       0       0       0       0       0       0       0       0       0       0       0       0
      Temps:          0       0       0       0       0       0       0       0       0       0       0       0       0       0       0
      Totals:         0       0       0       0       0       0       0       0       0       0       0       0       0       0       0
Total ram usage:        0 bytes
 Hardware stack levels used:    1
 Hardware stack levels required when called:    2
 This function calls:
		Nothing
 This function is called by:
		_main
 This function uses a non-reentrant model


 *************** function _initialisation_LCD *****************
 Defined at:
		line 149 in file "LCD.c"
 Parameters:    Size  Location     Type
		None
 Auto vars:     Size  Location     Type
		None
 Return value:  Size  Location     Type
                  1    wreg      void 
 Registers used:
		wreg, status,2, status,0, cstack
 Tracked objects:
		On entry : 
		On exit  : 
		Unchanged: 
 Data sizes:     COMRAM   BANK0   BANK1   BANK2   BANK3   BANK4   BANK5   BANK6   BANK7   BANK8   BANK9  BANK10  BANK11  BANK12  BANK13
      Params:         0       0       0       0       0       0       0       0       0       0       0       0       0       0       0
      Locals:         0       0       0       0       0       0       0       0       0       0       0       0       0       0       0
      Temps:          0       0       0       0       0       0       0       0       0       0       0       0       0       0       0
      Totals:         0       0       0       0       0       0       0       0       0       0       0       0       0       0       0
Total ram usage:        0 bytes
 Hardware stack levels used:    1
 Hardware stack levels required when called:    5
 This function calls:
		_clearDisplay
		_displayCtrl
		_initialisation_PORT
		_initialisation_SPI
 This function is called by:
		_main
 This function uses a non-reentrant model


 *************** function _initialisation_SPI *****************
 Defined at:
		line 112 in file "LCD.c"
 Parameters:    Size  Location     Type
		None
 Auto vars:     Size  Location     Type
		None
 Return value:  Size  Location     Type
                  1    wreg      void 
 Registers used:
		wreg, status,2, status,0
 Tracked objects:
		On entry : 
		On exit  : 
		Unchanged: 
 Data sizes:     COMRAM   BANK0   BANK1   BANK2   BANK3   BANK4   BANK5   BANK6   BANK7   BANK8   BANK9  BANK10  BANK11  BANK12  BANK13
      Params:         0       0       0       0       0       0       0       0       0       0       0       0       0       0       0
      Locals:         0       0       0       0       0       0       0       0       0       0       0       0       0       0       0
      Temps:          0       0       0       0       0       0       0       0       0       0       0       0       0       0       0
      Totals:         0       0       0       0       0       0       0       0       0       0       0       0       0       0       0
Total ram usage:        0 bytes
 Hardware stack levels used:    1
 Hardware stack levels required when called:    2
 This function calls:
		Nothing
 This function is called by:
		_initialisation_LCD
 This function uses a non-reentrant model


 *************** function _initialisation_PORT *****************
 Defined at:
		line 134 in file "LCD.c"
 Parameters:    Size  Location     Type
		None
 Auto vars:     Size  Location     Type
		None
 Return value:  Size  Location     Type
                  1    wreg      void 
 Registers used:
		wreg, status,2, status,0
 Tracked objects:
		On entry : 
		On exit  : 
		Unchanged: 
 Data sizes:     COMRAM   BANK0   BANK1   BANK2   BANK3   BANK4   BANK5   BANK6   BANK7   BANK8   BANK9  BANK10  BANK11  BANK12  BANK13
      Params:         0       0       0       0       0       0       0       0       0       0       0       0       0       0       0
      Locals:         0       0       0       0       0       0       0       0       0       0       0       0       0       0       0
      Temps:          1       0       0       0       0       0       0       0       0       0       0       0       0       0       0
      Totals:         1       0       0       0       0       0       0       0       0       0       0       0       0       0       0
Total ram usage:        1 bytes
 Hardware stack levels used:    1
 Hardware stack levels required when called:    2
 This function calls:
		Nothing
 This function is called by:
		_initialisation_LCD
 This function uses a non-reentrant model


 *************** function _displayCtrl *****************
 Defined at:
		line 30 in file "LCD.c"
 Parameters:    Size  Location     Type
  display         1    wreg     unsigned char 
  cursor          1   22[COMRAM] unsigned char 
  blink           1   23[COMRAM] unsigned char 
 Auto vars:     Size  Location     Type
  display         1   24[COMRAM] unsigned char 
  BCD             1   25[COMRAM] unsigned char 
 Return value:  Size  Location     Type
                  1    wreg      void 
 Registers used:
		wreg, status,2, status,0, cstack
 Tracked objects:
		On entry : 
		On exit  : 
		Unchanged: 
 Data sizes:     COMRAM   BANK0   BANK1   BANK2   BANK3   BANK4   BANK5   BANK6   BANK7   BANK8   BANK9  BANK10  BANK11  BANK12  BANK13
      Params:         2       0       0       0       0       0       0       0       0       0       0       0       0       0       0
      Locals:         2       0       0       0       0       0       0       0       0       0       0       0       0       0       0
      Temps:          0       0       0       0       0       0       0       0       0       0       0       0       0       0       0
      Totals:         4       0       0       0       0       0       0       0       0       0       0       0       0       0       0
Total ram usage:        4 bytes
 Hardware stack levels used:    1
 Hardware stack levels required when called:    4
 This function calls:
		_readBusyFlag
		_spi_Send_Read
 This function is called by:
		_main
		_initialisation_LCD
 This function uses a non-reentrant model


 *************** function _clearDisplay *****************
 Defined at:
		line 18 in file "LCD.c"
 Parameters:    Size  Location     Type
		None
 Auto vars:     Size  Location     Type
		None
 Return value:  Size  Location     Type
                  1    wreg      void 
 Registers used:
		wreg, status,2, status,0, cstack
 Tracked objects:
		On entry : 
		On exit  : 
		Unchanged: 
 Data sizes:     COMRAM   BANK0   BANK1   BANK2   BANK3   BANK4   BANK5   BANK6   BANK7   BANK8   BANK9  BANK10  BANK11  BANK12  BANK13
      Params:         0       0       0       0       0       0       0       0       0       0       0       0       0       0       0
      Locals:         0       0       0       0       0       0       0       0       0       0       0       0       0       0       0
      Temps:          0       0       0       0       0       0       0       0       0       0       0       0       0       0       0
      Totals:         0       0       0       0       0       0       0       0       0       0       0       0       0       0       0
Total ram usage:        0 bytes
 Hardware stack levels used:    1
 Hardware stack levels required when called:    4
 This function calls:
		_readBusyFlag
		_spi_Send_Read
 This function is called by:
		_main
		_initialisation_LCD
 This function uses a non-reentrant model


 *************** function _readBusyFlag *****************
 Defined at:
		line 93 in file "LCD.c"
 Parameters:    Size  Location     Type
		None
 Auto vars:     Size  Location     Type
  retValue        1   21[COMRAM] unsigned char 
 Return value:  Size  Location     Type
                  1    wreg      unsigned char 
 Registers used:
		wreg, status,2, status,0, cstack
 Tracked objects:
		On entry : 
		On exit  : 
		Unchanged: 
 Data sizes:     COMRAM   BANK0   BANK1   BANK2   BANK3   BANK4   BANK5   BANK6   BANK7   BANK8   BANK9  BANK10  BANK11  BANK12  BANK13
      Params:         0       0       0       0       0       0       0       0       0       0       0       0       0       0       0
      Locals:         1       0       0       0       0       0       0       0       0       0       0       0       0       0       0
      Temps:          0       0       0       0       0       0       0       0       0       0       0       0       0       0       0
      Totals:         1       0       0       0       0       0       0       0       0       0       0       0       0       0       0
Total ram usage:        1 bytes
 Hardware stack levels used:    1
 Hardware stack levels required when called:    3
 This function calls:
		_spi_Send_Read
 This function is called by:
		_clearDisplay
		_displayCtrl
		_putchLCD
		_moveCursor
 This function uses a non-reentrant model


 *************** function _spi_Send_Read *****************
 Defined at:
		line 11 in file "LCD.c"
 Parameters:    Size  Location     Type
  byte            1    wreg     unsigned char 
 Auto vars:     Size  Location     Type
  byte            1   20[COMRAM] unsigned char 
 Return value:  Size  Location     Type
                  1    wreg      unsigned char 
 Registers used:
		wreg, status,2
 Tracked objects:
		On entry : 
		On exit  : 
		Unchanged: 
 Data sizes:     COMRAM   BANK0   BANK1   BANK2   BANK3   BANK4   BANK5   BANK6   BANK7   BANK8   BANK9  BANK10  BANK11  BANK12  BANK13
      Params:         0       0       0       0       0       0       0       0       0       0       0       0       0       0       0
      Locals:         1       0       0       0       0       0       0       0       0       0       0       0       0       0       0
      Temps:          0       0       0       0       0       0       0       0       0       0       0       0       0       0       0
      Totals:         1       0       0       0       0       0       0       0       0       0       0       0       0       0       0
Total ram usage:        1 bytes
 Hardware stack levels used:    1
 Hardware stack levels required when called:    2
 This function calls:
		Nothing
 This function is called by:
		_clearDisplay
		_displayCtrl
		_putchLCD
		_readBusyFlag
		_moveCursor
 This function uses a non-reentrant model


 *************** function _mux_keyboard *****************
 Defined at:
		line 53 in file "main.c"
 Parameters:    Size  Location     Type
		None
 Auto vars:     Size  Location     Type
		None
 Return value:  Size  Location     Type
                  1    wreg      void 
 Registers used:
		wreg, status,2, status,0, cstack
 Tracked objects:
		On entry : 
		On exit  : 
		Unchanged: 
 Data sizes:     COMRAM   BANK0   BANK1   BANK2   BANK3   BANK4   BANK5   BANK6   BANK7   BANK8   BANK9  BANK10  BANK11  BANK12  BANK13
      Params:         0       0       0       0       0       0       0       0       0       0       0       0       0       0       0
      Locals:         0       0       0       0       0       0       0       0       0       0       0       0       0       0       0
      Temps:         14       0       0       0       0       0       0       0       0       0       0       0       0       0       0
      Totals:        14       0       0       0       0       0       0       0       0       0       0       0       0       0       0
Total ram usage:       14 bytes
 Hardware stack levels used:    1
 Hardware stack levels required when called:    1
 This function calls:
		_mux
 This function is called by:
		Interrupt level 2
 This function uses a non-reentrant model


 *************** function _mux *****************
 Defined at:
		line 92 in file "keyboard.c"
 Parameters:    Size  Location     Type
  col             1    wreg     unsigned char 
  E               1    0[COMRAM] unsigned char 
 Auto vars:     Size  Location     Type
  col             1    5[COMRAM] unsigned char 
  temp_high       1    4[COMRAM] unsigned char 
  temp_low        1    3[COMRAM] unsigned char 
 Return value:  Size  Location     Type
                  1    wreg      unsigned char 
 Registers used:
		wreg, status,2, status,0
 Tracked objects:
		On entry : 
		On exit  : 
		Unchanged: 
 Data sizes:     COMRAM   BANK0   BANK1   BANK2   BANK3   BANK4   BANK5   BANK6   BANK7   BANK8   BANK9  BANK10  BANK11  BANK12  BANK13
      Params:         1       0       0       0       0       0       0       0       0       0       0       0       0       0       0
      Locals:         3       0       0       0       0       0       0       0       0       0       0       0       0       0       0
      Temps:          2       0       0       0       0       0       0       0       0       0       0       0       0       0       0
      Totals:         6       0       0       0       0       0       0       0       0       0       0       0       0       0       0
Total ram usage:        6 bytes
 Hardware stack levels used:    1
 This function calls:
		Nothing
 This function is called by:
		_mux_keyboard
 This function uses a non-reentrant model



MODULE INFORMATION

Module		Function		Class		Link	Load	Size
shared
		__initialization		CODE           	11F0	0000	7

shared estimated size: 7

main.c
		_main          		CODE           	0F56	0000	113
		_mux_keyboard  		CODE           	0008	0000	141

main.c estimated size: 254

keyboard.c
		_initialisation_keyboard		CODE           	1188	0000	33
		_readKeyboard  		CODE           	0E2E	0000	179
		_mux           		CODE           	0FC6	0000	93

keyboard.c estimated size: 305

LCD.c
		_readBusyFlag  		CODE           	11C4	0000	27
		_displayCtrl   		CODE           	1074	0000	69
		_initialisation_SPI		CODE           	10F8	0000	63
		_spi_Send_Read 		CODE           	11DE	0000	19
		_putStringLCD  		CODE           	0EE0	0000	119
		_putchLCD      		CODE           	1136	0000	49
		_fliplr        		CODE           	1022	0000	83
		_clearDisplay  		CODE           	1166	0000	35
		_initialisation_LCD		CODE           	11A8	0000	29
		_initialisation_PORT		CODE           	10B8	0000	65

LCD.c estimated size: 558

